2017-09-08 17:46:12 INFO  Logging test:12 - Test execution has passed successfully
2017-09-08 17:46:12 INFO  Logging test:12 - Test execution has passed successfully
2017-09-08 17:46:21 ERROR Logging test:20 - Test execution failed
2017-09-08 17:46:21 ERROR Logging test:20 - Test execution failed
2017-09-08 17:46:21 INFO  Logging test:12 - Test execution has passed successfully
2017-09-08 17:46:21 INFO  Logging test:12 - Test execution has passed successfully
2017-09-08 17:46:24 INFO  Logging test:12 - Test execution completed
2017-09-08 17:46:24 INFO  Logging test:12 - Test execution completed
2017-09-08 17:47:24 INFO  Logging test:12 - Test execution has passed successfully
2017-09-08 17:47:24 INFO  Logging test:12 - Test execution has passed successfully
